// Jest Snapshot v1, https://goo.gl/fbAQLP

exports[`<Menu /> matches snapshot 1`] = `
<div
  className="containerStyles"
  data-testid="Menu"
>
  <div
    className="itemStyles"
    data-testid="item"
    onClick={[MockFunction]}
  >
    <button
      data-testid="button"
      type="button"
    />
  </div>
  <div
    className="itemStyles"
    data-testid="item"
    onClick={[MockFunction]}
    style={
      Object {
        "cursor": "pointer",
      }
    }
  >
    <button
      data-testid="button"
      type="button"
    />
  </div>
  <div
    className="itemStyles"
    data-testid="item"
    onClick={[MockFunction]}
  >
    <button
      data-testid="button"
      type="button"
    />
  </div>
  <div
    className="itemStyles"
    data-testid="item"
    onClick={[MockFunction]}
    style={
      Object {
        "cursor": "pointer",
      }
    }
  >
    <button
      data-testid="button"
      type="button"
    />
  </div>
  <div
    className="itemStyles"
    data-testid="item"
    onClick={[MockFunction]}
  >
    <button
      data-testid="button"
      type="button"
    />
  </div>
</div>
`;

exports[`<Menu /> should change cursor when hovered and able to be clicked 1`] = `
<div
  className="containerStyles"
  data-testid="Menu"
>
  <div
    className="itemStyles"
    data-testid="item"
    onClick={[MockFunction]}
  >
    <button
      data-testid="button"
      type="button"
    />
  </div>
  <div
    className="itemStyles"
    data-testid="item"
    onClick={[MockFunction]}
    style={
      Object {
        "cursor": "pointer",
      }
    }
  >
    <button
      data-testid="button"
      type="button"
    />
  </div>
  <div
    className="itemStyles"
    data-testid="item"
    onClick={[MockFunction]}
  >
    <button
      data-testid="button"
      type="button"
    />
  </div>
  <div
    className="itemStyles"
    data-testid="item"
    onClick={[MockFunction]}
    style={
      Object {
        "cursor": "pointer",
      }
    }
  >
    <button
      data-testid="button"
      type="button"
    />
  </div>
  <div
    className="itemStyles"
    data-testid="item"
    onClick={[MockFunction]}
  >
    <button
      data-testid="button"
      type="button"
    />
  </div>
</div>
`;
